<!DOCTYPE html>
<html>
<head>
    <meta http-equiv="Content-Type" content="text/html; charset=utf-8"/>
    <meta name="go-import" content="golang.org/x/mod git https://go.googlesource.com/mod">
    <meta name="go-source" content="golang.org/x/mod https://github.com/golang/mod/ https://github.com/golang/mod/tree/master{/dir} https://github.com/golang/mod/blob/master{/dir}/{file}#L{line}">
    <meta http-equiv="refresh" content="0; url=https://godoc.org/golang.org/x/mod">
</head>
<body>
Nothing to see here; <a href="https://godoc.org/golang.org/x/mod">move along</a>.
</body>
</html>