<!DOCTYPE html>
<html>
<head>
    <meta name="go-import" content="google.golang.org/appengine git https://github.com/golang/appengine">

    <meta name="go-source" content="google.golang.org/appengine https://github.com/golang/appengine https://github.com/golang/appengine/tree/master{/dir} https://github.com/golang/appengine/tree/master{/dir}/{file}#L{line}">

    <meta http-equiv="refresh" content="0; url=https://godoc.org/google.golang.org/appengine">
</head>
<body>
Nothing to see here. Please <a href="https://godoc.org/google.golang.org/appengine">move along</a>.
</body>
</html>